Archive member included to satisfy reference by file (symbol)

c:/mounriver/mounriver_studio2/resources/app/resources/win32/components/wch/toolchain/risc-v embedded gcc/bin/../lib/gcc/riscv-none-embed/8.2.0/rv32ecxw/ilp32e\libgcc.a(save-restore.o)
                              ./User/ch32v003_gpio_driver.o (__riscv_save_1)

Discarded input sections

 .text          0x0000000000000000        0x0 ./User/ch32v003_gpio_driver.o
 .data          0x0000000000000000        0x0 ./User/ch32v003_gpio_driver.o
 .bss           0x0000000000000000        0x0 ./User/ch32v003_gpio_driver.o
 .text.GPIO_DeInit
                0x0000000000000000       0x52 ./User/ch32v003_gpio_driver.o
 .text.GPIO_ReadFromInputPin
                0x0000000000000000        0xa ./User/ch32v003_gpio_driver.o
 .text.GPIO_ReadFromInputPort
                0x0000000000000000        0x8 ./User/ch32v003_gpio_driver.o
 .text.GPIO_WriteToOutputPin
                0x0000000000000000       0x24 ./User/ch32v003_gpio_driver.o
 .text.GPIO_WriteToOutputPort
                0x0000000000000000        0x4 ./User/ch32v003_gpio_driver.o
 .text.GPIO_IRQConfig
                0x0000000000000000       0x88 ./User/ch32v003_gpio_driver.o
 .text.GPIO_IRQHandling
                0x0000000000000000       0x1e ./User/ch32v003_gpio_driver.o
 .text          0x0000000000000000        0x0 ./Testing/SWDIO_testing.o
 .data          0x0000000000000000        0x0 ./Testing/SWDIO_testing.o
 .bss           0x0000000000000000        0x0 ./Testing/SWDIO_testing.o
 .text.delay    0x0000000000000000        0x2 ./Testing/SWDIO_testing.o
 .text          0x0000000000000000        0x0 ./Startup/startup_ch32v00x.o
 .data          0x0000000000000000        0x0 ./Startup/startup_ch32v00x.o
 .bss           0x0000000000000000        0x0 ./Startup/startup_ch32v00x.o
 .data          0x0000000000000000        0x0 c:/mounriver/mounriver_studio2/resources/app/resources/win32/components/wch/toolchain/risc-v embedded gcc/bin/../lib/gcc/riscv-none-embed/8.2.0/rv32ecxw/ilp32e\libgcc.a(save-restore.o)
 .bss           0x0000000000000000        0x0 c:/mounriver/mounriver_studio2/resources/app/resources/win32/components/wch/toolchain/risc-v embedded gcc/bin/../lib/gcc/riscv-none-embed/8.2.0/rv32ecxw/ilp32e\libgcc.a(save-restore.o)
 .eh_frame      0x0000000000000000       0x68 c:/mounriver/mounriver_studio2/resources/app/resources/win32/components/wch/toolchain/risc-v embedded gcc/bin/../lib/gcc/riscv-none-embed/8.2.0/rv32ecxw/ilp32e\libgcc.a(save-restore.o)

Memory Configuration

Name             Origin             Length             Attributes
FLASH            0x0000000000000000 0x0000000000004000 xr
RAM              0x0000000020000000 0x0000000000000800 xrw
*default*        0x0000000000000000 0xffffffffffffffff

Linker script and memory map

LOAD ./User/ch32v003_gpio_driver.o
LOAD ./Testing/SWDIO_testing.o
LOAD ./Startup/startup_ch32v00x.o
LOAD c:/mounriver/mounriver_studio2/resources/app/resources/win32/components/wch/toolchain/risc-v embedded gcc/bin/../lib/gcc/riscv-none-embed/8.2.0/../../../../riscv-none-embed/lib/rv32ecxw/ilp32e\libprintf.a
LOAD c:/mounriver/mounriver_studio2/resources/app/resources/win32/components/wch/toolchain/risc-v embedded gcc/bin/../lib/gcc/riscv-none-embed/8.2.0/rv32ecxw/ilp32e\libgcc.a
LOAD c:/mounriver/mounriver_studio2/resources/app/resources/win32/components/wch/toolchain/risc-v embedded gcc/bin/../lib/gcc/riscv-none-embed/8.2.0/../../../../riscv-none-embed/lib/rv32ecxw/ilp32e\libg_nano.a
LOAD c:/mounriver/mounriver_studio2/resources/app/resources/win32/components/wch/toolchain/risc-v embedded gcc/bin/../lib/gcc/riscv-none-embed/8.2.0/../../../../riscv-none-embed/lib/rv32ecxw/ilp32e\libc_nano.a
LOAD c:/mounriver/mounriver_studio2/resources/app/resources/win32/components/wch/toolchain/risc-v embedded gcc/bin/../lib/gcc/riscv-none-embed/8.2.0/rv32ecxw/ilp32e\libgcc.a
START GROUP
LOAD c:/mounriver/mounriver_studio2/resources/app/resources/win32/components/wch/toolchain/risc-v embedded gcc/bin/../lib/gcc/riscv-none-embed/8.2.0/rv32ecxw/ilp32e\libgcc.a
LOAD c:/mounriver/mounriver_studio2/resources/app/resources/win32/components/wch/toolchain/risc-v embedded gcc/bin/../lib/gcc/riscv-none-embed/8.2.0/../../../../riscv-none-embed/lib/rv32ecxw/ilp32e\libc_nano.a
LOAD c:/mounriver/mounriver_studio2/resources/app/resources/win32/components/wch/toolchain/risc-v embedded gcc/bin/../lib/gcc/riscv-none-embed/8.2.0/../../../../riscv-none-embed/lib/rv32ecxw/ilp32e\libnosys.a
END GROUP
START GROUP
LOAD c:/mounriver/mounriver_studio2/resources/app/resources/win32/components/wch/toolchain/risc-v embedded gcc/bin/../lib/gcc/riscv-none-embed/8.2.0/rv32ecxw/ilp32e\libgcc.a
LOAD c:/mounriver/mounriver_studio2/resources/app/resources/win32/components/wch/toolchain/risc-v embedded gcc/bin/../lib/gcc/riscv-none-embed/8.2.0/../../../../riscv-none-embed/lib/rv32ecxw/ilp32e\libc_nano.a
LOAD c:/mounriver/mounriver_studio2/resources/app/resources/win32/components/wch/toolchain/risc-v embedded gcc/bin/../lib/gcc/riscv-none-embed/8.2.0/../../../../riscv-none-embed/lib/rv32ecxw/ilp32e\libnosys.a
END GROUP
                0x0000000000000100                __stack_size = 0x100
                [!provide]                        PROVIDE (_stack_size = __stack_size)

.init           0x0000000000000000       0xa0
                0x0000000000000000                _sinit = .
                0x0000000000000000                . = ALIGN (0x4)
 *(SORT_NONE(.init))
 .init          0x0000000000000000       0x9e ./Startup/startup_ch32v00x.o
                0x0000000000000000                _start
                0x00000000000000a0                . = ALIGN (0x4)
 *fill*         0x000000000000009e        0x2 
                0x00000000000000a0                _einit = .

.highcodelalign
                0x00000000000000a0        0x0
                0x00000000000000a0                . = ALIGN (0x4)
                0x00000000000000a0                PROVIDE (_highcode_lma = .)

.highcode       0x0000000020000000        0x0 load address 0x00000000000000a0
                0x0000000020000000                . = ALIGN (0x4)
                0x0000000020000000                PROVIDE (_highcode_vma_start = .)
 *(.highcode)
 *(.highcode.*)
                0x0000000020000000                . = ALIGN (0x4)
                0x0000000020000000                PROVIDE (_highcode_vma_end = .)

.text           0x00000000000000a0      0x234
                0x00000000000000a0                . = ALIGN (0x4)
 *(.text)
 .text          0x00000000000000a0       0x14 c:/mounriver/mounriver_studio2/resources/app/resources/win32/components/wch/toolchain/risc-v embedded gcc/bin/../lib/gcc/riscv-none-embed/8.2.0/rv32ecxw/ilp32e\libgcc.a(save-restore.o)
                0x00000000000000a0                __riscv_save_1
                0x00000000000000a0                __riscv_save_2
                0x00000000000000a0                __riscv_save_0
                0x00000000000000aa                __riscv_restore_0
                0x00000000000000aa                __riscv_restore_1
                0x00000000000000aa                __riscv_restore_2
 *(.text.*)
 .text.GPIO_PeriClockControl
                0x00000000000000b4       0x7e ./User/ch32v003_gpio_driver.o
                0x00000000000000b4                GPIO_PeriClockControl
 .text.GPIO_Init
                0x0000000000000132       0xba ./User/ch32v003_gpio_driver.o
                0x0000000000000132                GPIO_Init
 .text.GPIO_ToggleOutputPin
                0x00000000000001ec        0xe ./User/ch32v003_gpio_driver.o
                0x00000000000001ec                GPIO_ToggleOutputPin
 .text.startup.main
                0x00000000000001fa       0x26 ./Testing/SWDIO_testing.o
                0x00000000000001fa                main
 .text.vector_handler
                0x0000000000000220        0x2 ./Startup/startup_ch32v00x.o
                0x0000000000000220                TIM1_CC_IRQHandler
                0x0000000000000220                HardFault_Handler
                0x0000000000000220                SysTick_Handler
                0x0000000000000220                PVD_IRQHandler
                0x0000000000000220                NMI_Handler
                0x0000000000000220                SPI1_IRQHandler
                0x0000000000000220                AWU_IRQHandler
                0x0000000000000220                EXTI7_0_IRQHandler
                0x0000000000000220                DMA1_Channel4_IRQHandler
                0x0000000000000220                ADC1_IRQHandler
                0x0000000000000220                DMA1_Channel7_IRQHandler
                0x0000000000000220                I2C1_EV_IRQHandler
                0x0000000000000220                DMA1_Channel6_IRQHandler
                0x0000000000000220                RCC_IRQHandler
                0x0000000000000220                TIM1_TRG_COM_IRQHandler
                0x0000000000000220                DMA1_Channel1_IRQHandler
                0x0000000000000220                DMA1_Channel5_IRQHandler
                0x0000000000000220                DMA1_Channel3_IRQHandler
                0x0000000000000220                TIM1_UP_IRQHandler
                0x0000000000000220                WWDG_IRQHandler
                0x0000000000000220                TIM2_IRQHandler
                0x0000000000000220                SW_Handler
                0x0000000000000220                TIM1_BRK_IRQHandler
                0x0000000000000220                DMA1_Channel2_IRQHandler
                0x0000000000000220                FLASH_IRQHandler
                0x0000000000000220                USART1_IRQHandler
                0x0000000000000220                I2C1_ER_IRQHandler
 .text.handle_reset
                0x0000000000000222       0xb0 ./Startup/startup_ch32v00x.o
                0x0000000000000222                handle_reset
 *(.rodata)
 *(.rodata*)
 *(.gnu.linkonce.t.*)
                0x00000000000002d4                . = ALIGN (0x4)
 *fill*         0x00000000000002d2        0x2 

.rela.dyn       0x00000000000002d4        0x0
 .rela.init     0x00000000000002d4        0x0 ./User/ch32v003_gpio_driver.o
 .rela.text.handle_reset
                0x00000000000002d4        0x0 ./User/ch32v003_gpio_driver.o

.fini           0x00000000000002d4        0x0
 *(SORT_NONE(.fini))
                0x00000000000002d4                . = ALIGN (0x4)
                [!provide]                        PROVIDE (_etext = .)
                [!provide]                        PROVIDE (_eitcm = .)

.preinit_array  0x00000000000002d4        0x0
                [!provide]                        PROVIDE (__preinit_array_start = .)
 *(.preinit_array)
                [!provide]                        PROVIDE (__preinit_array_end = .)

.init_array     0x00000000000002d4        0x0
                [!provide]                        PROVIDE (__init_array_start = .)
 *(SORT_BY_INIT_PRIORITY(.init_array.*) SORT_BY_INIT_PRIORITY(.ctors.*))
 *(.init_array EXCLUDE_FILE(*crtend?.o *crtend.o *crtbegin?.o *crtbegin.o) .ctors)
                [!provide]                        PROVIDE (__init_array_end = .)

.fini_array     0x00000000000002d4        0x0
                [!provide]                        PROVIDE (__fini_array_start = .)
 *(SORT_BY_INIT_PRIORITY(.fini_array.*) SORT_BY_INIT_PRIORITY(.dtors.*))
 *(.fini_array EXCLUDE_FILE(*crtend?.o *crtend.o *crtbegin?.o *crtbegin.o) .dtors)
                [!provide]                        PROVIDE (__fini_array_end = .)

.ctors
 *crtbegin.o(.ctors)
 *crtbegin?.o(.ctors)
 *(EXCLUDE_FILE(*crtend?.o *crtend.o) .ctors)
 *(SORT_BY_NAME(.ctors.*))
 *(.ctors)

.dtors
 *crtbegin.o(.dtors)
 *crtbegin?.o(.dtors)
 *(EXCLUDE_FILE(*crtend?.o *crtend.o) .dtors)
 *(SORT_BY_NAME(.dtors.*))
 *(.dtors)

.dalign         0x0000000020000000        0x0 load address 0x00000000000002d4
                0x0000000020000000                . = ALIGN (0x4)
                0x0000000020000000                PROVIDE (_data_vma = .)

.dlalign        0x00000000000002d4        0x0
                0x00000000000002d4                . = ALIGN (0x4)
                0x00000000000002d4                PROVIDE (_data_lma = .)

.data           0x0000000020000000        0x0 load address 0x00000000000002d4
                0x0000000020000000                . = ALIGN (0x4)
 *(.gnu.linkonce.r.*)
 *(.data .data.*)
 *(.gnu.linkonce.d.*)
                0x0000000020000000                . = ALIGN (0x8)
                0x0000000020000800                PROVIDE (__global_pointer$ = (. + 0x800))
 *(.sdata .sdata.*)
 *(.sdata2*)
 *(.gnu.linkonce.s.*)
                0x0000000020000000                . = ALIGN (0x8)
 *(.srodata.cst16)
 *(.srodata.cst8)
 *(.srodata.cst4)
 *(.srodata.cst2)
 *(.srodata .srodata.*)
                0x0000000020000000                . = ALIGN (0x4)
                0x0000000020000000                PROVIDE (_edata = .)

.bss            0x0000000020000000        0x0 load address 0x00000000000002d4
                0x0000000020000000                . = ALIGN (0x4)
                0x0000000020000000                PROVIDE (_sbss = .)
 *(.sbss*)
 *(.gnu.linkonce.sb.*)
 *(.bss*)
 *(.gnu.linkonce.b.*)
 *(COMMON*)
                0x0000000020000000                . = ALIGN (0x4)
                0x0000000020000000                PROVIDE (_ebss = .)
                [!provide]                        PROVIDE (_end = _ebss)
                [!provide]                        PROVIDE (end = .)

.stack          0x0000000020000700      0x100
                [!provide]                        PROVIDE (_heap_end = .)
                0x0000000020000700                . = ALIGN (0x4)
                [!provide]                        PROVIDE (_susrstack = .)
                0x0000000020000800                . = (. + __stack_size)
 *fill*         0x0000000020000700      0x100 
                0x0000000020000800                PROVIDE (_eusrstack = .)
OUTPUT(CHV003_GPIO_Driver.elf elf32-littleriscv)

.debug_info     0x0000000000000000     0x18cf
 .debug_info    0x0000000000000000      0xde6 ./User/ch32v003_gpio_driver.o
 .debug_info    0x0000000000000de6      0xac7 ./Testing/SWDIO_testing.o
 .debug_info    0x00000000000018ad       0x22 ./Startup/startup_ch32v00x.o

.debug_abbrev   0x0000000000000000      0x528
 .debug_abbrev  0x0000000000000000      0x2ce ./User/ch32v003_gpio_driver.o
 .debug_abbrev  0x00000000000002ce      0x248 ./Testing/SWDIO_testing.o
 .debug_abbrev  0x0000000000000516       0x12 ./Startup/startup_ch32v00x.o

.debug_loc      0x0000000000000000      0x1c0
 .debug_loc     0x0000000000000000      0x1c0 ./User/ch32v003_gpio_driver.o

.debug_aranges  0x0000000000000000       0xc0
 .debug_aranges
                0x0000000000000000       0x68 ./User/ch32v003_gpio_driver.o
 .debug_aranges
                0x0000000000000068       0x28 ./Testing/SWDIO_testing.o
 .debug_aranges
                0x0000000000000090       0x30 ./Startup/startup_ch32v00x.o

.debug_ranges   0x0000000000000000       0xb0
 .debug_ranges  0x0000000000000000       0x70 ./User/ch32v003_gpio_driver.o
 .debug_ranges  0x0000000000000070       0x18 ./Testing/SWDIO_testing.o
 .debug_ranges  0x0000000000000088       0x28 ./Startup/startup_ch32v00x.o

.debug_line     0x0000000000000000      0xd97
 .debug_line    0x0000000000000000      0x8de ./User/ch32v003_gpio_driver.o
 .debug_line    0x00000000000008de      0x371 ./Testing/SWDIO_testing.o
 .debug_line    0x0000000000000c4f      0x148 ./Startup/startup_ch32v00x.o

.debug_str      0x0000000000000000      0x7e1
 .debug_str     0x0000000000000000      0x78a ./User/ch32v003_gpio_driver.o
                                        0x7f9 (size before relaxing)
 .debug_str     0x000000000000078a       0x2d ./Testing/SWDIO_testing.o
                                        0x67f (size before relaxing)
 .debug_str     0x00000000000007b7       0x2a ./Startup/startup_ch32v00x.o
                                         0x73 (size before relaxing)

.comment        0x0000000000000000       0x33
 .comment       0x0000000000000000       0x33 ./User/ch32v003_gpio_driver.o
                                         0x34 (size before relaxing)
 .comment       0x0000000000000033       0x34 ./Testing/SWDIO_testing.o

.debug_frame    0x0000000000000000       0xfc
 .debug_frame   0x0000000000000000       0xc0 ./User/ch32v003_gpio_driver.o
 .debug_frame   0x00000000000000c0       0x3c ./Testing/SWDIO_testing.o
